../Core/Src/main.c:107:6:HAL_TIM_PWM_PulseFinishedCallback	16	static
../Core/Src/main.c:124:6:HAL_GPIO_EXTI_Callback	16	static
../Core/Src/main.c:132:6:flag_check	8	static
../Core/Src/main.c:144:6:process	16	static
../Core/Src/main.c:178:5:main	32	static
../Core/Src/main.c:269:6:SystemClock_Config	88	static
../Core/Src/main.c:315:13:MX_ADC1_Init	24	static
../Core/Src/main.c:367:13:MX_I2C1_Init	8	static
../Core/Src/main.c:401:13:MX_TIM1_Init	96	static
../Core/Src/main.c:476:13:MX_TIM2_Init	64	static
../Core/Src/main.c:533:13:MX_DMA_Init	16	static
../Core/Src/main.c:551:13:MX_GPIO_Init	56	static
../Core/Src/main.c:639:6:Error_Handler	4	static,ignoring_inline_asm
