../Core/Src/main.c:125:6:HAL_TIM_PWM_PulseFinishedCallback	16	static
../Core/Src/main.c:142:6:HAL_GPIO_EXTI_Callback	16	static
../Core/Src/main.c:150:6:flag_check	8	static
../Core/Src/main.c:162:6:process	16	static
../Core/Src/main.c:188:6:SD_Init	8	static
../Core/Src/main.c:197:6:SD_WriteData	16	static
../Core/Src/main.c:217:6:SD_Select	8	static
../Core/Src/main.c:221:6:SD_Deselect	8	static
../Core/Src/main.c:231:5:main	32	static
../Core/Src/main.c:342:6:SystemClock_Config	88	static
../Core/Src/main.c:388:13:MX_ADC1_Init	24	static
../Core/Src/main.c:440:13:MX_CRC_Init	8	static
../Core/Src/main.c:466:13:MX_I2C1_Init	8	static
../Core/Src/main.c:500:13:MX_SPI1_Init	8	static
../Core/Src/main.c:538:13:MX_TIM1_Init	96	static
../Core/Src/main.c:613:13:MX_TIM2_Init	64	static
../Core/Src/main.c:670:13:MX_DMA_Init	16	static
../Core/Src/main.c:688:13:MX_GPIO_Init	56	static
../Core/Src/main.c:776:6:Error_Handler	4	static,ignoring_inline_asm
