../Core/Src/VL53L0X.c:52:6:writeReg	32	static
../Core/Src/VL53L0X.c:59:6:writeReg16Bit	32	static
../Core/Src/VL53L0X.c:66:6:writeReg32Bit	32	static
../Core/Src/VL53L0X.c:73:9:readReg	40	static
../Core/Src/VL53L0X.c:83:10:readReg16Bit	40	static
../Core/Src/VL53L0X.c:93:10:readReg32Bit	40	static
../Core/Src/VL53L0X.c:103:6:writeMulti	32	static
../Core/Src/VL53L0X.c:111:6:readMulti	32	static
../Core/Src/VL53L0X.c:119:6:setAddress_VL53L0X	16	static
../Core/Src/VL53L0X.c:124:9:getAddress_VL53L0X	4	static
../Core/Src/VL53L0X.c:136:6:initVL53L0X	32	static
../Core/Src/VL53L0X.c:373:6:setSignalRateLimit	16	static
../Core/Src/VL53L0X.c:383:7:getSignalRateLimit	8	static
../Core/Src/VL53L0X.c:395:6:setMeasurementTimingBudget	80	static
../Core/Src/VL53L0X.c:484:10:getMeasurementTimingBudget	56	static
../Core/Src/VL53L0X.c:538:6:setVcselPulsePeriod	56	static
../Core/Src/VL53L0X.c:715:9:getVcselPulsePeriod	16	static
../Core/Src/VL53L0X.c:734:6:startContinuous	24	static
../Core/Src/VL53L0X.c:772:6:stopContinuous	8	static
../Core/Src/VL53L0X.c:787:10:readRangeContinuousMillimeters	32	static
../Core/Src/VL53L0X.c:830:10:readRangeSingleMillimeters	16	static
../Core/Src/VL53L0X.c:852:6:timeoutOccurred	16	static
../Core/Src/VL53L0X.c:859:6:setTimeout	16	static
../Core/Src/VL53L0X.c:863:10:getTimeout	4	static
../Core/Src/VL53L0X.c:872:6:getSpadInfo	24	static
../Core/Src/VL53L0X.c:914:6:getSequenceStepEnables	24	static
../Core/Src/VL53L0X.c:929:6:getSequenceStepTimeouts	16	static
../Core/Src/VL53L0X.c:963:10:decodeTimeout	16	static
../Core/Src/VL53L0X.c:974:10:encodeTimeout	24	static
../Core/Src/VL53L0X.c:998:10:timeoutMclksToMicroseconds	24	static
../Core/Src/VL53L0X.c:1007:10:timeoutMicrosecondsToMclks	24	static
../Core/Src/VL53L0X.c:1016:6:performSingleRefCalibration	16	static
